TLC2 Version 2.02 of 3 August 2009
@!@!@STARTMSG 2187:0 @!@!@
Running in Model-Checking mode.
@!@!@ENDMSG 2187 @!@!@
@!@!@STARTMSG 2220:0 @!@!@
Starting SANY...
@!@!@ENDMSG 2220 @!@!@
Parsing file MC.tla
Parsing file MTest4.tla
Parsing file C:\users\lamport\tla\tla2\org.lamport.tla.toolbox\StandardModules\TLC.tla
Parsing file C:\users\lamport\tla\tla2\org.lamport.tla.toolbox\StandardModules\Naturals.tla
Parsing file C:\users\lamport\tla\tla2\org.lamport.tla.toolbox\StandardModules\Sequences.tla
Semantic processing of module Naturals
Semantic processing of module MTest4
Semantic processing of module Sequences
Semantic processing of module TLC
Semantic processing of module MC
@!@!@STARTMSG 2219:0 @!@!@
SANY finished.
@!@!@ENDMSG 2219 @!@!@
@!@!@STARTMSG 2185:0 @!@!@
Starting...
@!@!@ENDMSG 2185 @!@!@
@!@!@STARTMSG 2189:0 @!@!@
Computing initial states...
@!@!@ENDMSG 2189 @!@!@
@!@!@STARTMSG 2102:1 @!@!@
Attempted to check equality of integer 0 with non-integer:
"a"
While working on the initial state:
/\ x = 0
/\ y = 0

@!@!@ENDMSG 2102 @!@!@
@!@!@STARTMSG 2201:0 @!@!@
The coverage statistics :
@!@!@ENDMSG 2201 @!@!@
@!@!@STARTMSG 2202:0 @!@!@
End of statistics.
@!@!@ENDMSG 2202 @!@!@
@!@!@STARTMSG 2199:0 @!@!@
1 states generated, 1 distinct states found, 1 states left on queue.
@!@!@ENDMSG 2199 @!@!@
@!@!@STARTMSG 2186:0 @!@!@
Finished.
@!@!@ENDMSG 2186 @!@!@
