TLC2 Version 2.02 of 3 August 2009
@!@!@STARTMSG 2187:0 @!@!@
Running in Model-Checking mode.
@!@!@ENDMSG 2187 @!@!@
@!@!@STARTMSG 2220:0 @!@!@
Starting SANY...
@!@!@ENDMSG 2220 @!@!@
Parsing file MC.tla
Parsing file MTest5.tla
Parsing file C:\users\lamport\tla\tla2\org.lamport.tla.toolbox\StandardModules\TLC.tla
Parsing file C:\users\lamport\tla\tla2\org.lamport.tla.toolbox\StandardModules\Naturals.tla
Parsing file C:\users\lamport\tla\tla2\org.lamport.tla.toolbox\StandardModules\Sequences.tla
Semantic processing of module Naturals
Semantic processing of module MTest5
Semantic processing of module Sequences
Semantic processing of module TLC
Semantic processing of module MC
@!@!@STARTMSG 2219:0 @!@!@
SANY finished.
@!@!@ENDMSG 2219 @!@!@
@!@!@STARTMSG 2185:0 @!@!@
Starting...
@!@!@ENDMSG 2185 @!@!@
@!@!@STARTMSG 2189:0 @!@!@
Computing initial states...
@!@!@ENDMSG 2189 @!@!@
@!@!@STARTMSG 2190:0 @!@!@
Finished computing initial states: 1 distinct state generated.
@!@!@ENDMSG 2190 @!@!@
@!@!@STARTMSG 1000:1 @!@!@
@!@!@STARTMSG 2154:0 @!@!@
Attempted to apply the operator overridden by the Java method
public static tlc2.value.IntValue tlc2.module.Naturals.Divide(tlc2.value.IntValue,tlc2.value.IntValue),
but it produced the following error:
@!@!@STARTMSG 2179:0 @!@!@
The second argument of \div is 0.
@!@!@ENDMSG 2179 @!@!@
@!@!@ENDMSG 2154 @!@!@
@!@!@ENDMSG 1000 @!@!@
@!@!@STARTMSG 2121:0 @!@!@
The behavior up to this point is:
@!@!@ENDMSG 2121 @!@!@
@!@!@STARTMSG 2217:4 @!@!@
1: <Initial predicate>
/\ x = 0
/\ y = 0

@!@!@ENDMSG 2217 @!@!@
@!@!@STARTMSG 2217:4 @!@!@
2: <Action line 17, col 14 to line 19, col 21 of module MTest5>
/\ x = 1
/\ y = 0

@!@!@ENDMSG 2217 @!@!@
@!@!@STARTMSG 2103:1 @!@!@
The error occurred when TLC was evaluating the nested
expressions at the following positions:
0. Line 20, column 17 to line 20, column 21 in MTest5
1. Line 21, column 17 to line 21, column 20 in MTest5
2. Line 22, column 17 to line 22, column 27 in MTest5
3. Line 22, column 20 to line 22, column 27 in MTest5


@!@!@ENDMSG 2103 @!@!@
@!@!@STARTMSG 2201:0 @!@!@
The coverage statistics :
@!@!@ENDMSG 2201 @!@!@
@!@!@STARTMSG 2221:0 @!@!@
  line 18, col 17 to line 18, col 20 of module MTest5: 1
@!@!@ENDMSG 2221 @!@!@
@!@!@STARTMSG 2221:0 @!@!@
  line 19, col 17 to line 19, col 20 of module MTest5: 1
@!@!@ENDMSG 2221 @!@!@
@!@!@STARTMSG 2221:0 @!@!@
  line 21, col 17 to line 21, col 20 of module MTest5: 0
@!@!@ENDMSG 2221 @!@!@
@!@!@STARTMSG 2221:0 @!@!@
  line 22, col 17 to line 22, col 27 of module MTest5: 0
@!@!@ENDMSG 2221 @!@!@
@!@!@STARTMSG 2202:0 @!@!@
End of statistics.
@!@!@ENDMSG 2202 @!@!@
@!@!@STARTMSG 2199:0 @!@!@
2 states generated, 2 distinct states found, 0 states left on queue.
@!@!@ENDMSG 2199 @!@!@
@!@!@STARTMSG 2194:0 @!@!@
The depth of the complete state graph search is 2.
@!@!@ENDMSG 2194 @!@!@
@!@!@STARTMSG 2186:0 @!@!@
Finished.
@!@!@ENDMSG 2186 @!@!@
